
> xinghe-ai-website@1.0.0 build
> vite build

[36mvite v6.3.5 [32mbuilding for production...[36m[39m
transforming...
[32m鉁?[39m 31 modules transformed.
node.exe : [31m鉁?[39m Build failed in 239ms
所在位置 行:1 字符: 1
+ & "C:\Program Files\nodejs/node.exe" "C:\Program Files\nodejs/node_mo
 ...
+ ~~~~~~~~~~~~~~~~~~~~~~~~~~~~~~~~~~~~~~~~~~~~~~~~~~~~~~~~~~~~~~~~~~~~~
    + CategoryInfo          : NotSpecified: ([31m鉁?[39m Build failed  
   in 239ms:String) [], RemoteException
    + FullyQualifiedErrorId : NativeCommandError
 
[31merror during build:
[31m[vite]: Rollup failed to resolve import "figma:asset/0a9f32dbab35f
c116d2a43f1411e6cebd03565f9.png" from "C:/Users/bruce/AI/xingheAIWeb202
6/xingheAI-缃戠珯 (2601)/src/app/components/Navigation.tsx".
This is most likely unintended because it can break your application at
 runtime.
If you do want to externalize this module explicitly add it to
`build.rollupOptions.external`[31m
    at viteLog (file:///C:/Users/bruce/AI/xingheAIWeb2026/xingheAI-%E7%
BD%91%E7%AB%99%20(2601)/node_modules/vite/dist/node/chunks/dep-DBxKXgDP
.js:46345:15)
    at file:///C:/Users/bruce/AI/xingheAIWeb2026/xingheAI-%E7%BD%91%E7%
AB%99%20(2601)/node_modules/vite/dist/node/chunks/dep-DBxKXgDP.js:46403
:18
    at onwarn (file:///C:/Users/bruce/AI/xingheAIWeb2026/xingheAI-%E7%B
D%91%E7%AB%99%20(2601)/node_modules/@vitejs/plugin-react/dist/index.js:
90:7)
    at file:///C:/Users/bruce/AI/xingheAIWeb2026/xingheAI-%E7%BD%91%E7%
AB%99%20(2601)/node_modules/vite/dist/node/chunks/dep-DBxKXgDP.js:46401
:7
    at onRollupLog (file:///C:/Users/bruce/AI/xingheAIWeb2026/xingheAI-
%E7%BD%91%E7%AB%99%20(2601)/node_modules/vite/dist/node/chunks/dep-DBxK
XgDP.js:46393:5)
    at onLog (file:///C:/Users/bruce/AI/xingheAIWeb2026/xingheAI-%E7%BD
%91%E7%AB%99%20(2601)/node_modules/vite/dist/node/chunks/dep-DBxKXgDP.j
s:46043:7)
    at file:///C:/Users/bruce/AI/xingheAIWeb2026/xingheAI-%E7%BD%91%E7%
AB%99%20(2601)/node_modules/rollup/dist/es/shared/node-entry.js:21032:3
2
    at Object.logger [as onLog] (file:///C:/Users/bruce/AI/xingheAIWeb2
026/xingheAI-%E7%BD%91%E7%AB%99%20(2601)/node_modules/rollup/dist/es/sh
ared/node-entry.js:22919:9)
    at ModuleLoader.handleInvalidResolvedId (file:///C:/Users/bruce/AI/
xingheAIWeb2026/xingheAI-%E7%BD%91%E7%AB%99%20(2601)/node_modules/rollu
p/dist/es/shared/node-entry.js:21663:26)
    at file:///C:/Users/bruce/AI/xingheAIWeb2026/xingheAI-%E7%BD%91%E7%
AB%99%20(2601)/node_modules/rollup/dist/es/shared/node-entry.js:21621:2
6[39m
